=== CONTROL 1: First write failure emits failed instead of incomplete (exit status: 1) ===
============================= test session starts ==============================
platform linux -- Python 3.12.3, pytest-9.1.1, pluggy-1.6.0
rootdir: /workspace/api/h-flock
configfile: pyproject.toml
plugins: anyio-4.14.2
collected 54 items / 53 deselected / 1 selected

tests/test_control.py F                                                  [100%]

=================================== FAILURES ===================================
________ test_first_desired_write_exception_records_unknown_incomplete _________

capsys = <_pytest.capture.CaptureFixture object at 0x7ce7d4e95460>

    def test_first_desired_write_exception_records_unknown_incomplete(capsys):
        class FirstWriteFails(RecordingRedis):
            def set(self, key, value):
                raise RuntimeError("first write failed")
    
        with pytest.raises(RuntimeError, match="first write failed"):
            start_agent(
                FirstWriteFails([]), pod="acme", tenant="hq",
                envelope={"payload": {"agent": "dave"}}, replace_window=lambda agent: None,
            )
        record = json.loads(capsys.readouterr().out.splitlines()[-1])
>       assert record["event"] == "start_agent_incomplete"
E       AssertionError: assert 'start_agent_failed' == 'start_agent_incomplete'
E         
E         - start_agent_incomplete
E         ?              -----  ^^
E         + start_agent_failed
E         ?             ++   ^

tests/test_control.py:633: AssertionError
=========================== short test summary info ============================
FAILED tests/test_control.py::test_first_desired_write_exception_records_unknown_incomplete
======================= 1 failed, 53 deselected in 0.02s =======================

=== CONTROL 2: Refusal emits incomplete instead of failed (exit status: 1) ===
============================= test session starts ==============================
platform linux -- Python 3.12.3, pytest-9.1.1, pluggy-1.6.0
rootdir: /workspace/api/h-flock
configfile: pyproject.toml
plugins: anyio-4.14.2
collected 54 items / 53 deselected / 1 selected

tests/test_control.py F                                                  [100%]

=================================== FAILURES ===================================
____________ test_refused_start_records_failure_before_dead_letter _____________

capsys = <_pytest.capture.CaptureFixture object at 0x79f216a4a6c0>

    def test_refused_start_records_failure_before_dead_letter(capsys):
        with pytest.raises(ValueError, match="unknown payload key 'typo'"):
            start_agent(
                RecordingRedis([]), pod="acme", tenant="hq",
                envelope={"correlation_id": "corr-2", "payload": {"agent": "dave", "typo": True}},
                replace_window=lambda agent: None,
            )
        record = json.loads(capsys.readouterr().out.splitlines()[-1])
>       assert record["event"] == "start_agent_failed"
E       AssertionError: assert 'start_agent_incomplete' == 'start_agent_failed'
E         
E         - start_agent_failed
E         ?             --   ^
E         + start_agent_incomplete
E         ?              +++++  ^^

tests/test_control.py:484: AssertionError
=========================== short test summary info ============================
FAILED tests/test_control.py::test_refused_start_records_failure_before_dead_letter
======================= 1 failed, 53 deselected in 0.02s =======================

=== CONTROL 3: Profile validation allows stale account (exit status: 1) ===
============================= test session starts ==============================
platform linux -- Python 3.12.3, pytest-9.1.1, pluggy-1.6.0
rootdir: /workspace/api/h-flock
configfile: pyproject.toml
plugins: anyio-4.14.2
collected 68 items / 67 deselected / 1 selected

tests/test_office.py F                                                   [100%]

=================================== FAILURES ===================================
________________ test_hire_reads_canonical_accounts_from_redis _________________

office_env = <test_office.MockRedis object at 0x778d20da36e0>
monkeypatch = <_pytest.monkeypatch.MonkeyPatch object at 0x778d20da3770>
capsys = <_pytest.capture.CaptureFixture object at 0x778d20da3a40>

    def test_hire_reads_canonical_accounts_from_redis(office_env, monkeypatch, capsys):
        office_env.sets[prefix("acme", "hq", resource="accounts")] = {b"default", b"work"}
        sent = []
        monkeypatch.setattr(cli, "send", lambda *args, **kwargs: sent.append(kwargs))
>       with pytest.raises(SystemExit) as exc:
E       Failed: DID NOT RAISE SystemExit

tests/test_office.py:690: Failed
----------------------------- Captured stdout call -----------------------------
None
=========================== short test summary info ============================
FAILED tests/test_office.py::test_hire_reads_canonical_accounts_from_redis - ...
======================= 1 failed, 67 deselected in 0.03s =======================

=== CONTROL 4: office send omits byte count from acknowledgement (exit status: 1) ===
============================= test session starts ==============================
platform linux -- Python 3.12.3, pytest-9.1.1, pluggy-1.6.0
rootdir: /workspace/api/h-flock
configfile: pyproject.toml
plugins: anyio-4.14.2
collected 68 items / 67 deselected / 1 selected

tests/test_office.py F                                                   [100%]

=================================== FAILURES ===================================
_________________ test_send_reads_stdin_and_reports_utf8_bytes _________________

office_env = <test_office.MockRedis object at 0x7e480c68f620>
monkeypatch = <_pytest.monkeypatch.MonkeyPatch object at 0x7e480c68f6b0>
capsys = <_pytest.capture.CaptureFixture object at 0x7e480c68f920>

    def test_send_reads_stdin_and_reports_utf8_bytes(office_env, monkeypatch, capsys):
        calls = []
        monkeypatch.setattr(cli, "send", lambda r, **kwargs: calls.append(kwargs) or "stream-stdin")
        monkeypatch.setattr("sys.stdin", io.StringIO("line one\nλ\n"))
    
        cli.main(["send", "--agent=backend", "--stdin"])
    
        assert calls[0]["payload"] == {"text": "line one\nλ\n"}
>       assert capsys.readouterr().out.strip() == "sent to backend: 12 bytes (stream-stdin)"
E       AssertionError: assert 'sent to back...stream-stdin)' == 'sent to back...stream-stdin)'
E         
E         - sent to backend: 12 bytes (stream-stdin)
E         ?                 ---------
E         + sent to backend: (stream-stdin)

tests/test_office.py:192: AssertionError
=========================== short test summary info ============================
FAILED tests/test_office.py::test_send_reads_stdin_and_reports_utf8_bytes - A...
======================= 1 failed, 67 deselected in 0.03s =======================

