source: a4038175b7ec9b165740508372ea859649ef5c9e

control 1: remove fresh-hire cause-and-roster publication branch
command: python3 -m pytest -q tests/test_tmuxhost.py::test_start_acceptance_and_later_window_creation_share_correlation
exit status: 1, read unpiped
observed locus: tests/test_tmuxhost.py:146
signature: KeyError: 'correlation_id' on the later window_created record

control 2: read window.cause without consuming it
command: python3 -m pytest -q tests/test_tmuxhost.py::test_window_created_consumes_hire_cause_and_recovery_borrows_none
exit status: 1, read unpiped
observed locus: tests/test_tmuxhost.py:119
signature: AssertionError: correlation_id remained on the second, cause-less window_created

control 3: omit stale-cause discard when the window already exists
command: python3 -m pytest -q tests/test_tmuxhost.py::test_existing_window_discards_unconsumed_cause_without_emitting_join
exit status: 1, read unpiped
observed locus: tests/test_tmuxhost.py:167
signature: AssertionError: cause_map retained {'alice': 'stale-correlation'}

control 4: remove HSET roster from the Lua publication boundary
command: python3 -m pytest -q tests/test_control.py::test_fresh_hire_cause_and_roster_are_atomic_on_real_redis
exit status: 1, read unpiped
observed locus: tests/test_control.py:159
signature: AssertionError: roster hget returned None instead of 'tmux'
context: real redis-server retained window.cause and emitted start_agent_incomplete after simulated reply loss

restored focused controls pass; final full result is recorded separately.
