F                                                                        [100%]
=================================== FAILURES ===================================
________________ test_unicast_unknown_is_indeterminate_not_loss ________________

tmp_path = PosixPath('/tmp/pytest-of-ubuntu/pytest-1198/test_unicast_unknown_is_indete0')

    def test_unicast_unknown_is_indeterminate_not_loss(tmp_path):
        ledger = tmp_path / "ledger.tsv"
        log = tmp_path / "custody.log"
        dead = tmp_path / "dead.jsonl"
        ingress = tmp_path / "ingress.jsonl"
        injections = tmp_path / "injections.tsv"
        ledger.write_text("1\tsid\tbench-source\tbob\t1.0\n")
        log.write_text(_record("sid", "forward_unknown", destination="bob") + "\n")
        dead.write_text("")
        ingress.write_text("")
        injections.write_text("")
    
        result = subprocess.run(
            [
                sys.executable,
                str(UNICAST),
                str(ledger),
                str(log),
                str(dead),
                str(ingress),
                str(injections),
            ],
            text=True,
            capture_output=True,
            check=False,
        )
    
>       assert result.returncode == 5
E       AssertionError: assert 1 == 5
E        +  where 1 = CompletedProcess(args=['/usr/bin/python3', '/workspace/bus/h-flock/container/scenarios/reconcile-unicast.py', '/tmp/py..._ts=0 legacy_attempts=0\nINJECTION_COVERAGE seconds=0.000 fraction=0.000000\nLOSS_UNEXPLAINED 1 sid none\n', stderr='').returncode

tests/test_conservation_contract.py:87: AssertionError
=========================== short test summary info ============================
FAILED tests/test_conservation_contract.py::test_unicast_unknown_is_indeterminate_not_loss
1 failed in 0.04s

CONTROL_EXIT=1
