source: 2637287 (main, includes build 95 at 338edd3/9865604)
tenant: accept-pauseresume-0823-2304 (h-lab, torn down after this run — this file and the sha256 quoted in the report are the only surviving record)
command: docker exec <container> grep ... /home/ubuntu/.flock/custody/custody.jsonl (architect/sme-2, AGENT_NAME=architect from /workdir/architect)

=== pause: office pause sme-2, issued 2026-08-23T21:13:52Z ===
{"ts":"2026-08-23T21:13:52.598Z","module":"control","event":"pause_agent_accepted","writer":"control","correlation_id":"8e2304fd63a741dfb139ced81119d5e7","destination":"sme-2"}

redis paused marker present: pod:acme:tenant:accept-pauseresume-0823-2304:agent:sme-2:paused

=== message queued while paused: office send -a sme-2 PAUSE_TEST_MARKER_QUEUED ===
ingress depth after send, before resume: 1
kick_started for the queued message logged immediately (switch attempted delivery):
{"ts":"2026-08-23T21:14:30.337Z","module":"switch","event":"kick_started","writer":"switch","stream_id":"e6435f48722e45b183bbde39f12f44b9","correlation_id":"59d96f050e30414bb067a3771287391b","source":"architect","destination":"sme-2"}
pane capture at this point: no trace of the marker text — confirms genuinely blocked, not merely recorded as paused

=== resume: office resume sme-2 ===
{"ts":"2026-08-23T21:14:40.862Z","module":"switch","event":"popped","writer":"switch","stream_id":"52956b274db9423cb75e0374d0aac914","correlation_id":"182eaa3e918847aaa4fdeed7b80fdc95","source":"architect","destination":"host"}
{"ts":"2026-08-23T21:14:40.876Z","module":"switch","event":"forwarded","writer":"switch","stream_id":"52956b274db9423cb75e0374d0aac914","correlation_id":"182eaa3e918847aaa4fdeed7b80fdc95","source":"architect","destination":"host"}
{"ts":"2026-08-23T21:14:40.891Z","module":"switch","event":"kick_started","writer":"switch","stream_id":"52956b274db9423cb75e0374d0aac914","correlation_id":"182eaa3e918847aaa4fdeed7b80fdc95","source":"architect","destination":"host"}
{"ts":"2026-08-23T21:14:41.067Z","module":"port","event":"received","writer":"port","stream_id":"52956b274db9423cb75e0374d0aac914","correlation_id":"182eaa3e918847aaa4fdeed7b80fdc95","source":"architect","destination":"host"}
{"ts":"2026-08-23T21:14:41.115Z","module":"control","event":"resume_agent_accepted","writer":"control","correlation_id":"182eaa3e918847aaa4fdeed7b80fdc95","destination":"sme-2"}
{"ts":"2026-08-23T21:14:41.115Z","module":"port","event":"opened","writer":"port","stream_id":"52956b274db9423cb75e0374d0aac914","correlation_id":"182eaa3e918847aaa4fdeed7b80fdc95","source":"architect","destination":"host"}
{"ts":"2026-08-23T21:14:41.366Z","module":"port","event":"received","writer":"port","stream_id":"e6435f48722e45b183bbde39f12f44b9","correlation_id":"59d96f050e30414bb067a3771287391b","source":"architect","destination":"sme-2"}

ingress depth after resume: 0
redis paused marker after resume: absent (EXISTS returned 0)

pane capture after resume (tail):
❯ [message from architect] PAUSE_TEST_MARKER_QUEUED
  ⎿  Not logged in · Please run /login

measured gap: resume_agent_accepted (21:14:41.115Z) -> queued message's own "received" event (21:14:41.366Z) = 0.251s

=== full-run outcome-shape count, all four control kinds ===
result: 11 start_agent_accepted, 15 stop_agent_accepted, 1 pause_agent_accepted, 1 resume_agent_accepted
result: 0 occurrences of any *_incomplete, *_failed, or *_partially_failed, for any of the four kinds
