=== LIVE EXECUTION 1: api-auth-and-limits.sh (docker exec token discovery, API_TOKEN unset) ===
RC=0
=== Scenario: API Auth, Payload Limits & Error Handling ===
Target Host: http://localhost:8110
[1] Testing GET /health without auth...
Body: {"detail":"Unauthorized"}
HTTP Status: 401

[2] Testing GET /agents without token (unauthorized)...
Body: {"detail":"Unauthorized"}
HTTP Status: 401

[3] Testing GET /agents with invalid token...
Body: {"detail":"Unauthorized"}
HTTP Status: 401

[4] Testing GET /agents with valid token...
Body: {"agents":["architect","host"]}
HTTP Status: 200

[5] Testing POST /agents/architect/envelopes with malformed 'as' dict payload...
Body: {"detail":"invalid 'as' client: must be an enrolled client with port_type 'api'"}
HTTP Status: 422

[6] Testing POST /agents/architect/envelopes with oversized (>1MB) payload...
Body: {"detail":"envelope payload exceeds maximum size limit of 1MB"}
HTTP Status: 422

[7] Testing GET /board...
Body: {"agents":[{"agent":"architect","todo":[],"doing":[],"hold":[],"done":[]},{"agent":"host","todo":[],"doing":[],"hold":[],"done":[]}]}
HTTP Status: 200

=== Scenario Complete ===


=== LIVE EXECUTION 2: api-concurrency-and-time.sh (docker exec token discovery, API_TOKEN unset) ===
RC=0
=== Scenario: API Concurrency, Stream Handling & Roster Robustness ===
Target Host: http://localhost:8110
[1] Measuring concurrent HTTP /health latency (10 parallel requests)...
Req 2: status=401 time=0.002202s
Req 5: status=401 time=0.002997s
Req 6: status=401 time=0.003236s
Req 4: status=401 time=0.003312s
Req 1: status=401 time=0.003390s
Req 7: status=401 time=0.003433s
Req 8: status=401 time=0.003460s
Req 9: status=401 time=0.003466s
Req 3: status=401 time=0.003485s
Req 10: status=401 time=0.003432s

[2] Testing long-polling SSE event stream (/alerts/stream)...

[3] Testing activity providers (/agents/architect/activity)...
{"agent":"architect","activity":[],"next_cursor":null}
HTTP Status: 200

[4] Testing unknown agent provider (/agents/nonexistent_agent)...
{"detail":"invalid agent"}
HTTP Status: 404

=== Scenario Complete ===

