CONTROL 2: fold partial broadcast UNKNOWN recipients into known loss
F                                                                        [100%]
=================================== FAILURES ===================================
_________ test_partial_broadcast_unknown_is_not_reported_as_known_loss _________

tmp_path = PosixPath('/tmp/pytest-of-ubuntu/pytest-1180/test_partial_broadcast_unknown0')

    def test_partial_broadcast_unknown_is_not_reported_as_known_loss(tmp_path):
        result = _run(
            tmp_path,
            [
                _record("sid", "forward_unknown"),
                _record("sid", "opened", destination="bob"),
            ],
        )
    
>       assert result.returncode == 5
E       AssertionError: assert 1 == 5
E        +  where 1 = CompletedProcess(args=['/usr/bin/python3', '/workspace/bus/h-flock/container/scenarios/reconcile-broadcast.py', '/tmp/...st=1 indeterminate=0 unexpected_recipient=0 parse_failures=0 legacy_attempts=0\nBROADCAST_LOST sid carol\n', stderr='').returncode

tests/test_conservation_contract.py:44: AssertionError
=========================== short test summary info ============================
FAILED tests/test_conservation_contract.py::test_partial_broadcast_unknown_is_not_reported_as_known_loss
1 failed in 0.04s

exit status: 1
