CONTROL 4: disable legacy attempt-record version guard
FF                                                                       [100%]
=================================== FAILURES ===================================
__________ test_legacy_attempt_record_refuses_cross_version_analysis ___________

tmp_path = PosixPath('/tmp/pytest-of-ubuntu/pytest-1181/test_legacy_attempt_record_ref0')

    def test_legacy_attempt_record_refuses_cross_version_analysis(tmp_path):
        log = tmp_path / "legacy.jsonl"
        log.write_text(_line("legacy", "forward_failed", 1) + "\n")
    
        result = _run(log, 1)
    
>       assert result.returncode == 4
E       AssertionError: assert 1 == 4
E        +  where 1 = CompletedProcess(args=['/usr/bin/python3', '/workspace/bus/h-flock/container/scenarios/analyse-run.py', '/tmp/pytest-o...Latency figures for refused\n  stages are withheld; the rest describe only the envelopes that have them.\n', stderr='').returncode

tests/test_fabric_log_metrics.py:116: AssertionError
_________ test_broadcast_reconciliation_refuses_legacy_attempt_record __________

tmp_path = PosixPath('/tmp/pytest-of-ubuntu/pytest-1181/test_broadcast_reconciliation_0')

    def test_broadcast_reconciliation_refuses_legacy_attempt_record(tmp_path):
        result = _run(tmp_path, [_record("sid", "forward_failed")])
    
>       assert result.returncode == 4
E       AssertionError: assert 1 == 4
E        +  where 1 = CompletedProcess(args=['/usr/bin/python3', '/workspace/bus/h-flock/container/scenarios/reconcile-broadcast.py', '/tmp/...xpected_recipient=0 parse_failures=0 legacy_attempts=0\nBROADCAST_LOST sid bob\nBROADCAST_LOST sid carol\n', stderr='').returncode

tests/test_conservation_contract.py:54: AssertionError
=========================== short test summary info ============================
FAILED tests/test_fabric_log_metrics.py::test_legacy_attempt_record_refuses_cross_version_analysis
FAILED tests/test_conservation_contract.py::test_broadcast_reconciliation_refuses_legacy_attempt_record
2 failed in 0.04s

exit status: 1
