CONTROL 1: restore all five exception sites to failed wording
FFFFF                                                                    [100%]
=================================== FAILURES ===================================
_____ DoorsAndRouterTest.test_egress_write_failure_is_logged_without_sent ______

self = <test_bus.DoorsAndRouterTest testMethod=test_egress_write_failure_is_logged_without_sent>

    def test_egress_write_failure_is_logged_without_sent(self):
        output = io.StringIO()
        with (
            patch.object(self.r, "rpush", side_effect=ConnectionError("redis down")),
            redirect_stdout(output),
            self.assertRaisesRegex(ConnectionError, "redis down"),
        ):
            send(
                self.r,
                pod="acme",
                tenant="hq",
                source="alice",
                destination="bob",
                payload={},
            )
        records = [json.loads(line) for line in output.getvalue().splitlines()]
>       self.assertEqual([record["event"] for record in records], ["send_unknown"])
E       AssertionError: Lists differ: ['send_failed'] != ['send_unknown']
E       
E       First differing element 0:
E       'send_failed'
E       'send_unknown'
E       
E       - ['send_failed']
E       + ['send_unknown']

tests/test_bus.py:268: AssertionError
_ DoorsAndRouterTest.test_ingress_write_failure_is_logged_without_forward_or_kick _

self = <test_bus.DoorsAndRouterTest testMethod=test_ingress_write_failure_is_logged_without_forward_or_kick>

    def test_ingress_write_failure_is_logged_without_forward_or_kick(self):
        send(
            self.r,
            pod="acme",
            tenant="hq",
            source="alice",
            destination="bob",
            payload={},
        )
        output = io.StringIO()
        with (
            patch.object(self.r, "rpush", side_effect=ConnectionError("redis down")),
            redirect_stdout(output),
            self.assertRaisesRegex(ConnectionError, "redis down"),
        ):
            Switch(self.r, pod="acme", tenant="hq").step()
        records = [json.loads(line) for line in output.getvalue().splitlines()]
>       self.assertEqual(
            [record["event"] for record in records],
            ["popped", "forward_unknown"],
        )
E       AssertionError: Lists differ: ['popped', 'forward_failed'] != ['popped', 'forward_unknown']
E       
E       First differing element 1:
E       'forward_failed'
E       'forward_unknown'
E       
E       - ['popped', 'forward_failed']
E       ?                     ^^^^^^
E       
E       + ['popped', 'forward_unknown']
E       ?                     ^^^^^^^

tests/test_bus.py:289: AssertionError
----------------------------- Captured stdout call -----------------------------
{"ts":"2026-08-23T20:24:10.760Z","module":"bus","event":"sent","writer":"bus","stream_id":"744f3e9320724309a76f8ab6778f343b","correlation_id":"c18f1c4c4109459ca4217a1f0d049a3e","source":"alice","destination":"bob"}
_ DoorsAndRouterTest.test_kick_spawn_failure_is_logged_and_does_not_lose_ingress _

self = <test_bus.DoorsAndRouterTest testMethod=test_kick_spawn_failure_is_logged_and_does_not_lose_ingress>

    def test_kick_spawn_failure_is_logged_and_does_not_lose_ingress(self):
        self.popen.side_effect = FileNotFoundError("flock.port not found")
        send(
            self.r,
            pod="acme",
            tenant="hq",
            source="alice",
            destination="bob",
            payload={},
        )
        output = io.StringIO()
        with redirect_stdout(output):
            self.assertTrue(Switch(self.r, pod="acme", tenant="hq").step())
        records = [json.loads(line) for line in output.getvalue().splitlines()]
>       error = next(record for record in records if record["event"] == "kick_unknown")
                ^^^^^^^^^^^^^^^^^^^^^^^^^^^^^^^^^^^^^^^^^^^^^^^^^^^^^^^^^^^^^^^^^^^^^^^
E       StopIteration

tests/test_bus.py:671: StopIteration
----------------------------- Captured stdout call -----------------------------
{"ts":"2026-08-23T20:24:10.766Z","module":"bus","event":"sent","writer":"bus","stream_id":"1505e975407144c280036be14e7bb871","correlation_id":"826e1a8f2a03406798ef3dc030b19d50","source":"alice","destination":"bob"}
_____ DoorsAndRouterTest.test_broadcast_ingress_write_exception_is_unknown _____

self = <test_bus.DoorsAndRouterTest testMethod=test_broadcast_ingress_write_exception_is_unknown>

    def test_broadcast_ingress_write_exception_is_unknown(self):
        class ReplyLostPipeline(FakePipeline):
            def execute(self):
                for key, value in self.commands:
                    self.r.rpush(key, value)
                raise ConnectionError("reply lost after broadcast writes")
    
        send(
            self.r,
            pod="acme",
            tenant="hq",
            source="alice",
            destination="all",
            payload={"text": "ambiguous fanout"},
        )
        self.r.pipeline = lambda: ReplyLostPipeline(self.r)
    
        output = io.StringIO()
        with redirect_stdout(output), self.assertRaisesRegex(
            ConnectionError, "reply lost after broadcast writes"
        ):
            Switch(self.r, pod="acme", tenant="hq").step()
    
        records = [json.loads(line) for line in output.getvalue().splitlines()]
>       self.assertEqual([record["event"] for record in records], ["popped", "forward_unknown"])
E       AssertionError: Lists differ: ['popped', 'forward_failed'] != ['popped', 'forward_unknown']
E       
E       First differing element 1:
E       'forward_failed'
E       'forward_unknown'
E       
E       - ['popped', 'forward_failed']
E       ?                     ^^^^^^
E       
E       + ['popped', 'forward_unknown']
E       ?                     ^^^^^^^

tests/test_bus.py:724: AssertionError
----------------------------- Captured stdout call -----------------------------
{"ts":"2026-08-23T20:24:10.772Z","module":"bus","event":"sent","writer":"bus","stream_id":"5e478d3b5ebc4797a1497e40ff44563b","correlation_id":"9912dd88e7c3418f86cecae6407f9ff8","source":"alice","destination":"all"}
___________ test_add_ticket_opener_dead_letters_unknown_board_write ____________

capsys = <_pytest.capture.CaptureFixture object at 0x70e3412f7a10>

    def test_add_ticket_opener_dead_letters_unknown_board_write(capsys):
        class FaultyRedis(MockRedis):
            def rpush(self, key, value):
                raise RuntimeError("board unavailable")
    
        env = build_envelope(
            kind="AddTicket",
            source="architect",
            destination="backend",
            payload={"title": "cannot land"},
        )
    
>       with pytest.raises(DeadLetter, match="board_write_unknown"):
E       AssertionError: Regex pattern did not match.
E         Expected regex: 'board_write_unknown'
E         Actual message: 'board_write_failed'

tests/test_port.py:209: AssertionError
----------------------------- Captured stdout call -----------------------------
{"ts":"2026-08-23T20:24:10.778Z","module":"port","event":"board_write_failed","writer":"port","correlation_id":"799565a0098a4c51ae1beafecdb68954","destination":"backend","reason":"board unavailable","task_id":"799565a0098a4c51ae1beafecdb68954"}
=========================== short test summary info ============================
FAILED tests/test_bus.py::DoorsAndRouterTest::test_egress_write_failure_is_logged_without_sent
FAILED tests/test_bus.py::DoorsAndRouterTest::test_ingress_write_failure_is_logged_without_forward_or_kick
FAILED tests/test_bus.py::DoorsAndRouterTest::test_kick_spawn_failure_is_logged_and_does_not_lose_ingress
FAILED tests/test_bus.py::DoorsAndRouterTest::test_broadcast_ingress_write_exception_is_unknown
FAILED tests/test_port.py::test_add_ticket_opener_dead_letters_unknown_board_write
5 failed in 0.07s

exit status: 1
